
================================================================================
TESTING IPINFO GEOLOCATION WITH REAL PUBLIC IPs
================================================================================


================================================================================
Testing: Google DNS (USA) (8.8.8.8)
================================================================================
python : Traceback (most 
recent call last):
At line:1 char:1
+ python 
test_real_ip_geolocation.py 
2>&1 | Out-File -FilePath 
test_out ...
+ ~~~~~~~~~~~~~~~~~~~~~~~~~~
~~~~~~~~~~~~~
    + CategoryInfo          
    : NotSpecified: (Trace  
  back (most recent call    
 last)::String) [], Remo    
teException
    + FullyQualifiedErrorId 
    : NativeCommandError
 
  File "D:\pepeleads\ascend\
lovable-ascend\backend\test_
real_ip_geolocation.py", 
line 152, in <module>
    
test_real_ip_geolocation()
    
~~~~~~~~~~~~~~~~~~~~~~~~^^
  File "D:\pepeleads\ascend\
lovable-ascend\backend\test_
real_ip_geolocation.py", 
line 60, in 
test_real_ip_geolocation
    print(f"\n\u2705 IPInfo 
Lookup Successful!")
    ~~~~~^^^^^^^^^^^^^^^^^^^
^^^^^^^^^^^^^^^^
  File "C:\Python313\Lib\enc
odings\cp1252.py", line 19, 
in encode
    return codecs.charmap_en
code(input,self.errors,encod
ing_table)[0]
           ~~~~~~~~~~~~~~~~~
~~~~^^^^^^^^^^^^^^^^^^^^^^^^
^^^^^^^^^^
UnicodeEncodeError: 
'charmap' codec can't 
encode character '\u2705' 
in position 2: character 
maps to <undefined>
